 zlibwapi

 Timestamp is 52e462e1 (Sat Jan 25 17:20:33 2014)

 Preferred load address is 10000000

 Start         Length     Name                   Class
 0001:00000000 0001778bH .text                   CODE
 0002:00000000 0000010cH .idata$5                DATA
 0002:0000010c 00000004H .CRT$XCA                DATA
 0002:00000110 00000004H .CRT$XCZ                DATA
 0002:00000114 00000004H .CRT$XIA                DATA
 0002:00000118 00000004H .CRT$XIAA               DATA
 0002:0000011c 00000004H .CRT$XIZ                DATA
 0002:00000120 00004218H .rdata                  DATA
 0002:00004340 00000004H .rdata$sxdata           DATA
 0002:00004344 00000004H .rtc$IAA                DATA
 0002:00004348 00000004H .rtc$IZZ                DATA
 0002:0000434c 00000004H .rtc$TAA                DATA
 0002:00004350 00000004H .rtc$TZZ                DATA
 0002:00004358 00000064H .xdata$x                DATA
 0002:000043bc 00000028H .idata$2                DATA
 0002:000043e4 00000014H .idata$3                DATA
 0002:000043f8 0000010cH .idata$4                DATA
 0002:00004504 000003e0H .idata$6                DATA
 0002:000048f0 00000c44H .edata                  DATA
 0003:00000000 00000050H .data                   DATA
 0003:00000050 00000350H .bss                    DATA
 0004:00000000 00000058H .rsrc$01                DATA
 0004:00000060 00000338H .rsrc$02                DATA

  Address         Publics by Value              Rva+Base       Lib:Object

 0000:00000001       ___safe_se_handler_count   00000001     <absolute>
 0000:00000000       ___ImageBase               10000000     <linker-defined>
 0001:00000000       _adler32@12                10001000 f   adler32.obj
 0001:00000590       _adler32_combine@12        10001590 f   adler32.obj
 0001:000005b0       _compress2@20              100015b0 f   compress.obj
 0001:00000670       _compress@16               10001670 f   compress.obj
 0001:00000690       _compressBound@4           10001690 f   compress.obj
 0001:000006c0       _get_crc_table@0           100016c0 f   crc32.obj
 0001:000006d0       _crc32@12                  100016d0 f   crc32.obj
 0001:00001370       _crc32_combine@12          10002370 f   crc32.obj
 0001:00001390       _deflateInit_@16           10002390 f   deflate.obj
 0001:000013c0       _deflateInit2_@32          100023c0 f   deflate.obj
 0001:00001700       _deflateSetDictionary@12   10002700 f   deflate.obj
 0001:00001970       _deflateResetKeep@4        10002970 f   deflate.obj
 0001:00001a70       _deflateReset@4            10002a70 f   deflate.obj
 0001:00001aa0       _deflateSetHeader@8        10002aa0 f   deflate.obj
 0001:00001ae0       _deflatePending@12         10002ae0 f   deflate.obj
 0001:00001b30       _deflatePrime@12           10002b30 f   deflate.obj
 0001:00001c10       _deflateParams@12          10002c10 f   deflate.obj
 0001:00001d60       _deflateTune@20            10002d60 f   deflate.obj
 0001:00001dc0       _deflateBound@8            10002dc0 f   deflate.obj
 0001:00002050       _deflate@8                 10003050 f   deflate.obj
 0001:00002f20       _deflateEnd@4              10003f20 f   deflate.obj
 0001:00003060       _deflateCopy@8             10004060 f   deflate.obj
 0001:00005360       _gzclose@4                 10006360 f   gzclose.obj
 0001:00005870       _gzopen@8                  10006870 f   gzlib.obj
 0001:00005890       _gzdopen@8                 10006890 f   gzlib.obj
 0001:00005900       _gzopen_w@8                10006900 f   gzlib.obj
 0001:00005920       _gzbuffer@8                10006920 f   gzlib.obj
 0001:00005980       _gzrewind@4                10006980 f   gzlib.obj
 0001:00005a10       _gzseek64@16               10006a10 f   gzlib.obj
 0001:00005cf0       _gzseek@12                 10006cf0 f   gzlib.obj
 0001:00005d50       _gztell64@4                10006d50 f   gzlib.obj
 0001:00005dd0       _gztell@4                  10006dd0 f   gzlib.obj
 0001:00005e20       _gzoffset64@4              10006e20 f   gzlib.obj
 0001:00005ec0       _gzoffset@4                10006ec0 f   gzlib.obj
 0001:00005f10       _gzeof@4                   10006f10 f   gzlib.obj
 0001:00005f70       _gzerror@8                 10006f70 f   gzlib.obj
 0001:00005ff0       _gzclearerr@4              10006ff0 f   gzlib.obj
 0001:00006060       _gz_error                  10007060 f   gzlib.obj
 0001:00006850       _gzread@12                 10007850 f   gzread.obj
 0001:00006a70       _gzgetc@4                  10007a70 f   gzread.obj
 0001:00006b30       _gzgetc_@4                 10007b30 f   gzread.obj
 0001:00006b40       _gzungetc@8                10007b40 f   gzread.obj
 0001:00006d00       _gzgets@12                 10007d00 f   gzread.obj
 0001:00006eb0       _gzdirect@4                10007eb0 f   gzread.obj
 0001:00006f00       _gzclose_r@4               10007f00 f   gzread.obj
 0001:00007420       _gzwrite@12                10008420 f   gzwrite.obj
 0001:00007620       _gzputc@8                  10008620 f   gzwrite.obj
 0001:00007740       _gzputs@8                  10008740 f   gzwrite.obj
 0001:00007790       _gzvprintf                 10008790 f   gzwrite.obj
 0001:000078e0       _gzprintf                  100088e0 f   gzwrite.obj
 0001:00007920       _gzflush@8                 10008920 f   gzwrite.obj
 0001:000079c0       _gzsetparams@12            100089c0 f   gzwrite.obj
 0001:00007ab0       _gzclose_w@4               10008ab0 f   gzwrite.obj
 0001:00007bd0       _inflateBackInit_@20       10008bd0 f   infback.obj
 0001:00007d10       _inflateBack@20            10008d10 f   infback.obj
 0001:000090b0       _inflateBackEnd@4          1000a0b0 f   infback.obj
 0001:00009100       _inflate_fast              1000a100 f   inffast.obj
 0001:00009870       _inflateResetKeep@4        1000a870 f   inflate.obj
 0001:00009970       _inflateReset@4            1000a970 f   inflate.obj
 0001:000099c0       _inflateReset2@8           1000a9c0 f   inflate.obj
 0001:00009a90       _inflateInit2_@16          1000aa90 f   inflate.obj
 0001:00009b90       _inflateInit_@12           1000ab90 f   inflate.obj
 0001:00009bb0       _inflatePrime@12           1000abb0 f   inflate.obj
 0001:00009e10       _inflate@8                 1000ae10 f   inflate.obj
 0001:0000be40       _inflateEnd@4              1000ce40 f   inflate.obj
 0001:0000bec0       _inflateGetDictionary@12   1000cec0 f   inflate.obj
 0001:0000bf60       _inflateSetDictionary@12   1000cf60 f   inflate.obj
 0001:0000c020       _inflateGetHeader@8        1000d020 f   inflate.obj
 0001:0000c100       _inflateSync@4             1000d100 f   inflate.obj
 0001:0000c290       _inflateSyncPoint@4        1000d290 f   inflate.obj
 0001:0000c2e0       _inflateCopy@8             1000d2e0 f   inflate.obj
 0001:0000c4b0       _inflateUndermine@8        1000d4b0 f   inflate.obj
 0001:0000c500       _inflateMark@4             1000d500 f   inflate.obj
 0001:0000c580       _inflate_table             1000d580 f   inftrees.obj
 0001:0000cb70       _call_zopen64              1000db70 f   ioapi.obj
 0001:0000cbc0       _call_zseek64              1000dbc0 f   ioapi.obj
 0001:0000cc40       _call_ztell64              1000dc40 f   ioapi.obj
 0001:0000cca0       _fill_zlib_filefunc64_32_def_from_filefunc32 1000dca0 f   ioapi.obj
 0001:0000cef0       _fill_fopen64_filefunc     1000def0 f   ioapi.obj
 0001:0000d040       _win32_open_file_func      1000e040 f   iowin32.obj
 0001:0000d040       _win32_open64_file_func    1000e040 f   iowin32.obj
 0001:0000d040       _win32_open64_file_funcA   1000e040 f   iowin32.obj
 0001:0000d0b0       _win32_open64_file_funcW   1000e0b0 f   iowin32.obj
 0001:0000d120       _win32_read_file_func      1000e120 f   iowin32.obj
 0001:0000d190       _win32_write_file_func     1000e190 f   iowin32.obj
 0001:0000d270       _win32_tell_file_func      1000e270 f   iowin32.obj
 0001:0000d2f0       _win32_tell64_file_func    1000e2f0 f   iowin32.obj
 0001:0000d390       _win32_seek_file_func      1000e390 f   iowin32.obj
 0001:0000d450       _win32_seek64_file_func    1000e450 f   iowin32.obj
 0001:0000d510       _win32_close_file_func     1000e510 f   iowin32.obj
 0001:0000d560       _win32_error_file_func     1000e560 f   iowin32.obj
 0001:0000d590       _fill_win32_filefunc       1000e590 f   iowin32.obj
 0001:0000d5f0       _fill_win32_filefunc64A    1000e5f0 f   iowin32.obj
 0001:0000d5f0       _fill_win32_filefunc64     1000e5f0 f   iowin32.obj
 0001:0000d650       _fill_win32_filefunc64W    1000e650 f   iowin32.obj
 0001:0000d6c0       __tr_init                  1000e6c0 f   trees.obj
 0001:0000f2f0       __tr_stored_block          100102f0 f   trees.obj
 0001:0000f430       __tr_flush_bits            10010430 f   trees.obj
 0001:0000f450       __tr_align                 10010450 f   trees.obj
 0001:0000f6a0       __tr_flush_block           100106a0 f   trees.obj
 0001:00010600       _uncompress@16             10011600 f   uncompr.obj
 0001:00010aa0       _unzStringFileNameCompare@12 10011aa0 f   unzip.obj
 0001:00011420       _unzOpen2@8                10012420 f   unzip.obj
 0001:00011470       _unzOpen2_64@8             10012470 f   unzip.obj
 0001:000114d0       _unzOpen@4                 100124d0 f   unzip.obj
 0001:000114f0       _unzOpen64@4               100124f0 f   unzip.obj
 0001:00011510       _unzClose@4                10012510 f   unzip.obj
 0001:00011570       _unzGetGlobalInfo64@8      10012570 f   unzip.obj
 0001:000115b0       _unzGetGlobalInfo@8        100125b0 f   unzip.obj
 0001:00011db0       _unzGetCurrentFileInfo64@32 10012db0 f   unzip.obj
 0001:00011df0       _unzGetCurrentFileInfo@32  10012df0 f   unzip.obj
 0001:00011ef0       _unzGoToFirstFile@4        10012ef0 f   unzip.obj
 0001:00011f80       _unzGoToNextFile@4         10012f80 f   unzip.obj
 0001:000120b0       _unzLocateFile@12          100130b0 f   unzip.obj
 0001:00012210       _unzGetFilePos64@8         10013210 f   unzip.obj
 0001:00012280       _unzGetFilePos@8           10013280 f   unzip.obj
 0001:000122c0       _unzGoToFilePos64@8        100132c0 f   unzip.obj
 0001:00012350       _unzGoToFilePos@8          10013350 f   unzip.obj
 0001:000126f0       _unzOpenCurrentFile3@20    100136f0 f   unzip.obj
 0001:00012a60       _unzOpenCurrentFile@4      10013a60 f   unzip.obj
 0001:00012a80       _unzOpenCurrentFilePassword@8 10013a80 f   unzip.obj
 0001:00012aa0       _unzOpenCurrentFile2@16    10013aa0 f   unzip.obj
 0001:00012ac0       _unzGetCurrentFileZStreamPos64@4 10013ac0 f   unzip.obj
 0001:00012b20       _unzReadCurrentFile@12     10013b20 f   unzip.obj
 0001:00012ff0       _unztell@4                 10013ff0 f   unzip.obj
 0001:00013030       _unztell64@4               10014030 f   unzip.obj
 0001:00013080       _unzeof@4                  10014080 f   unzip.obj
 0001:000130e0       _unzGetLocalExtrafield@12  100140e0 f   unzip.obj
 0001:000131f0       _unzCloseCurrentFile@4     100141f0 f   unzip.obj
 0001:000132e0       _unzGetGlobalComment@12    100142e0 f   unzip.obj
 0001:000143a0       _LoadCentralDirectoryRecord 100153a0 f   zip.obj
 0001:00014a10       _zipOpen3@16               10015a10 f   zip.obj
 0001:00014bd0       _zipOpen2@16               10015bd0 f   zip.obj
 0001:00014c20       _zipOpen2_64@16            10015c20 f   zip.obj
 0001:00014c80       _zipOpen@8                 10015c80 f   zip.obj
 0001:00014c80       _zipOpen64@8               10015c80 f   zip.obj
 0001:00014ca0       _Write_LocalFileHeader     10015ca0 f   zip.obj
 0001:00015030       _zipOpenNewFileInZip4_64@76 10016030 f   zip.obj
 0001:00015780       _zipOpenNewFileInZip3@64   10016780 f   zip.obj
 0001:000157e0       _zipOpenNewFileInZip3_64@68 100167e0 f   zip.obj
 0001:00015840       _zipOpenNewFileInZip2@44   10016840 f   zip.obj
 0001:00015890       _zipOpenNewFileInZip2_64@48 10016890 f   zip.obj
 0001:000158e0       _zipOpenNewFileInZip64@44  100168e0 f   zip.obj
 0001:00015930       _zipOpenNewFileInZip@40    10016930 f   zip.obj
 0001:00015ad0       _zipWriteInFileInZip@12    10016ad0 f   zip.obj
 0001:00015cd0       _zipCloseFileInZipRaw@12   10016cd0 f   zip.obj
 0001:00015cf0       _zipCloseFileInZipRaw64@16 10016cf0 f   zip.obj
 0001:00016400       _zipCloseFileInZip@4       10017400 f   zip.obj
 0001:00016420       _Write_Zip64EndOfCentralDirectoryLocator 10017420 f   zip.obj
 0001:000164e0       _Write_Zip64EndOfCentralDirectoryRecord 100174e0 f   zip.obj
 0001:00016690       _Write_EndOfCentralDirectoryRecord 10017690 f   zip.obj
 0001:00016880       _Write_GlobalComment       10017880 f   zip.obj
 0001:00016910       _zipClose@8                10017910 f   zip.obj
 0001:00016b30       _zlibVersion@0             10017b30 f   zutil.obj
 0001:00016b40       _zlibCompileFlags@0        10017b40 f   zutil.obj
 0001:00016c60       _zError@4                  10017c60 f   zutil.obj
 0001:00016c80       _zcalloc                   10017c80 f   zutil.obj
 0001:00016cb0       _zcfree                    10017cb0 f   zutil.obj
 0001:00016cc2       _memcpy                    10017cc2 f   MSVCRT:MSVCR90.dll
 0001:00016cc8       _memset                    10017cc8 f   MSVCRT:MSVCR90.dll
 0001:00016cce       _strlen                    10017cce f   MSVCRT:MSVCR90.dll
 0001:00016cd4       _strcmp                    10017cd4 f   MSVCRT:MSVCR90.dll
 0001:00016d29       __CRT_INIT@12              10017d29 f   MSVCRT:crtdll.obj
 0001:00017065       __DllMainCRTStartup@12     10018065 f   MSVCRT:crtdll.obj
 0001:00017088       ___clean_type_info_names   10018088 f   MSVCRT:tncleanup.obj
 0001:00017094       __onexit                   10018094 f   MSVCRT:atonexit.obj
 0001:00017139       _atexit                    10018139 f   MSVCRT:atonexit.obj
 0001:00017150       __RTC_Initialize           10018150 f   MSVCRT:_initsect_.obj
 0001:00017176       __RTC_Terminate            10018176 f   MSVCRT:_initsect_.obj
 0001:000171a0       __ValidateImageBase        100181a0 f   MSVCRT:pesect.obj
 0001:000171e0       __FindPESection            100181e0 f   MSVCRT:pesect.obj
 0001:00017230       __IsNonwritableInCurrentImage 10018230 f   MSVCRT:pesect.obj
 0001:000172ee       __initterm                 100182ee f   MSVCRT:MSVCR90.dll
 0001:000172f4       __initterm_e               100182f4 f   MSVCRT:MSVCR90.dll
 0001:000172fa       __amsg_exit                100182fa f   MSVCRT:MSVCR90.dll
 0001:00017300       ___CppXcptFilter           10018300 f   MSVCRT:MSVCR90.dll
 0001:00017306       _DllMain@12                10018306 f   MSVCRT:dllmain.obj
 0001:0001732c       __SEH_prolog4              1001832c f   MSVCRT:sehprolg4.obj
 0001:00017371       __SEH_epilog4              10018371 f   MSVCRT:sehprolg4.obj
 0001:00017385       __except_handler4          10018385 f   MSVCRT:chandler4gs.obj
 0001:000173aa       ___security_init_cookie    100183aa f   MSVCRT:gs_support.obj
 0001:00017440       ___clean_type_info_names_internal 10018440 f   MSVCRT:MSVCR90.dll
 0001:00017446       __unlock                   10018446 f   MSVCRT:MSVCR90.dll
 0001:0001744c       ___dllonexit               1001844c f   MSVCRT:MSVCR90.dll
 0001:00017452       __lock                     10018452 f   MSVCRT:MSVCR90.dll
 0001:00017458       @__security_check_cookie@4 10018458 f   MSVCRT:secchk.obj
 0001:00017468       __except_handler4_common   10018468 f   MSVCRT:MSVCR90.dll
 0001:0001746e       ___report_gsfailure        1001846e f   MSVCRT:gs_report.obj
 0001:00017574       __crt_debugger_hook        10018574 f   MSVCRT:MSVCR90.dll
 0001:00017580       __aullshr                  10018580 f   MSVCRT:ullshr.obj
 0001:000175a0       __allmul                   100185a0 f   MSVCRT:llmul.obj
 0001:000175e0       __aulldiv                  100185e0 f   MSVCRT:ulldiv.obj
 0001:00017650       __allrem                   10018650 f   MSVCRT:llrem.obj
 0001:00017710       __allshl                   10018710 f   MSVCRT:llshl.obj
 0001:00017730       __allshr                   10018730 f   MSVCRT:llshr.obj
 0001:00017760       __chkstk                   10018760 f   MSVCRT:chkstk.obj
 0001:00017760       __alloca_probe             10018760     MSVCRT:chkstk.obj
 0002:00000000       __imp__CreateFileA@28      10019000     kernel32:KERNEL32.dll
 0002:00000004       __imp__SetFilePointer@16   10019004     kernel32:KERNEL32.dll
 0002:00000008       __imp__WriteFile@20        10019008     kernel32:KERNEL32.dll
 0002:0000000c       __imp__ReadFile@20         1001900c     kernel32:KERNEL32.dll
 0002:00000010       __imp__CreateFileW@28      10019010     kernel32:KERNEL32.dll
 0002:00000014       __imp__GetLastError@0      10019014     kernel32:KERNEL32.dll
 0002:00000018       __imp__CloseHandle@4       10019018     kernel32:KERNEL32.dll
 0002:0000001c       __imp__SetUnhandledExceptionFilter@4 1001901c     kernel32:KERNEL32.dll
 0002:00000020       __imp__UnhandledExceptionFilter@4 10019020     kernel32:KERNEL32.dll
 0002:00000024       __imp__GetCurrentProcess@0 10019024     kernel32:KERNEL32.dll
 0002:00000028       __imp__TerminateProcess@8  10019028     kernel32:KERNEL32.dll
 0002:0000002c       __imp__GetSystemTimeAsFileTime@4 1001902c     kernel32:KERNEL32.dll
 0002:00000030       __imp__GetCurrentProcessId@0 10019030     kernel32:KERNEL32.dll
 0002:00000034       __imp__GetCurrentThreadId@0 10019034     kernel32:KERNEL32.dll
 0002:00000038       __imp__GetTickCount@0      10019038     kernel32:KERNEL32.dll
 0002:0000003c       __imp__QueryPerformanceCounter@4 1001903c     kernel32:KERNEL32.dll
 0002:00000040       __imp__DisableThreadLibraryCalls@4 10019040     kernel32:KERNEL32.dll
 0002:00000044       __imp__InterlockedCompareExchange@12 10019044     kernel32:KERNEL32.dll
 0002:00000048       __imp__Sleep@4             10019048     kernel32:KERNEL32.dll
 0002:0000004c       __imp__InterlockedExchange@8 1001904c     kernel32:KERNEL32.dll
 0002:00000050       __imp__IsDebuggerPresent@0 10019050     kernel32:KERNEL32.dll
 0002:00000054       \177KERNEL32_NULL_THUNK_DATA 10019054     kernel32:KERNEL32.dll
 0002:00000058       __imp__fopen               10019058     MSVCRT:MSVCR90.dll
 0002:0000005c       __imp__fread               1001905c     MSVCRT:MSVCR90.dll
 0002:00000060       __imp__ferror              10019060     MSVCRT:MSVCR90.dll
 0002:00000064       __imp__fwrite              10019064     MSVCRT:MSVCR90.dll
 0002:00000068       __imp__fclose              10019068     MSVCRT:MSVCR90.dll
 0002:0000006c       __imp__strcmp              1001906c     MSVCRT:MSVCR90.dll
 0002:00000070       __imp__rand                10019070     MSVCRT:MSVCR90.dll
 0002:00000074       __imp__srand               10019074     MSVCRT:MSVCR90.dll
 0002:00000078       __imp___fseeki64           10019078     MSVCRT:MSVCR90.dll
 0002:0000007c       __imp__vsnprintf           1001907c     MSVCRT:MSVCR90.dll
 0002:0000007c       __imp___vsnprintf          1001907c     MSVCRT:MSVCR90.dll
 0002:00000080       __imp___encode_pointer     10019080     MSVCRT:MSVCR90.dll
 0002:00000084       __imp___malloc_crt         10019084     MSVCRT:MSVCR90.dll
 0002:00000088       __imp___encoded_null       10019088     MSVCRT:MSVCR90.dll
 0002:0000008c       __imp___decode_pointer     1001908c     MSVCRT:MSVCR90.dll
 0002:00000090       __imp___initterm           10019090     MSVCRT:MSVCR90.dll
 0002:00000094       __imp___initterm_e         10019094     MSVCRT:MSVCR90.dll
 0002:00000098       __imp___amsg_exit          10019098     MSVCRT:MSVCR90.dll
 0002:0000009c       __imp___adjust_fdiv        1001909c     MSVCRT:MSVCR90.dll
 0002:000000a0       __imp____CppXcptFilter     100190a0     MSVCRT:MSVCR90.dll
 0002:000000a4       __imp____clean_type_info_names_internal 100190a4     MSVCRT:MSVCR90.dll
 0002:000000a8       __imp___unlock             100190a8     MSVCRT:MSVCR90.dll
 0002:000000ac       __imp____dllonexit         100190ac     MSVCRT:MSVCR90.dll
 0002:000000b0       __imp___lock               100190b0     MSVCRT:MSVCR90.dll
 0002:000000b4       __imp___onexit             100190b4     MSVCRT:MSVCR90.dll
 0002:000000b8       __imp___except_handler4_common 100190b8     MSVCRT:MSVCR90.dll
 0002:000000bc       __imp___crt_debugger_hook  100190bc     MSVCRT:MSVCR90.dll
 0002:000000c0       __imp___ftelli64           100190c0     MSVCRT:MSVCR90.dll
 0002:000000c4       __imp___errno              100190c4     MSVCRT:MSVCR90.dll
 0002:000000c8       __imp__memchr              100190c8     MSVCRT:MSVCR90.dll
 0002:000000cc       __imp__strerror            100190cc     MSVCRT:MSVCR90.dll
 0002:000000d0       __imp__wcstombs            100190d0     MSVCRT:MSVCR90.dll
 0002:000000d4       __imp___snprintf           100190d4     MSVCRT:MSVCR90.dll
 0002:000000d8       __imp__strlen              100190d8     MSVCRT:MSVCR90.dll
 0002:000000dc       __imp__malloc              100190dc     MSVCRT:MSVCR90.dll
 0002:000000e0       __imp__free                100190e0     MSVCRT:MSVCR90.dll
 0002:000000e4       __imp___wopen              100190e4     MSVCRT:MSVCR90.dll
 0002:000000e8       __imp___lseeki64           100190e8     MSVCRT:MSVCR90.dll
 0002:000000ec       __imp__memset              100190ec     MSVCRT:MSVCR90.dll
 0002:000000f0       __imp__memcpy              100190f0     MSVCRT:MSVCR90.dll
 0002:000000f4       __imp___time64             100190f4     MSVCRT:MSVCR90.dll
 0002:000000f8       __imp___open               100190f8     MSVCRT:MSVCR90.dll
 0002:000000f8       __imp__open                100190f8     MSVCRT:MSVCR90.dll
 0002:000000fc       __imp___read               100190fc     MSVCRT:MSVCR90.dll
 0002:000000fc       __imp__read                100190fc     MSVCRT:MSVCR90.dll
 0002:00000100       __imp___close              10019100     MSVCRT:MSVCR90.dll
 0002:00000100       __imp__close               10019100     MSVCRT:MSVCR90.dll
 0002:00000104       __imp___write              10019104     MSVCRT:MSVCR90.dll
 0002:00000104       __imp__write               10019104     MSVCRT:MSVCR90.dll
 0002:00000108       \177MSVCR90_NULL_THUNK_DATA 10019108     MSVCRT:MSVCR90.dll
 0002:0000010c       ___xc_a                    1001910c     MSVCRT:cinitexe.obj
 0002:00000110       ___xc_z                    10019110     MSVCRT:cinitexe.obj
 0002:00000114       ___xi_a                    10019114     MSVCRT:cinitexe.obj
 0002:0000011c       ___xi_z                    1001911c     MSVCRT:cinitexe.obj
 0002:00000120       __pRawDllMain              10019120     MSVCRT:crtdll.obj
 0002:00000120       __pDefaultRawDllMain       10019120     MSVCRT:crtdll.obj
 0002:0000012c       ??_C@_05IAIEPMAK@1?42?48?$AA@ 1001912c     compress.obj
 0002:00000138       _z_errmsg                  10019138     zutil.obj
 0002:00000160       _zip_copyright             10019160     zip.obj
 0002:000001b0       _unz_copyright             100191b0     unzip.obj
 0002:00000850       __dist_code                10019850     trees.obj
 0002:00000a50       __length_code              10019a50     trees.obj
 0002:00000c40       _inflate_copyright         10019c40     inftrees.obj
 0002:00001ec0       _deflate_copyright         1001aec0     deflate.obj
 0002:00003f88       ??_C@_02DKCKIIND@?$CFs?$AA@ 1001cf88     gzlib.obj
 0002:00003f8c       ??_C@_07EBNKNFJN@?$DMfd?3?$CFd?$DO?$AA@ 1001cf8c     gzlib.obj
 0002:00003f94       ??_C@_0O@BNNCBLEN@out?5of?5memory?$AA@ 1001cf94     gzlib.obj
 0002:00003fa2       ??_C@_00CNPNBAHC@?$AA@     1001cfa2     gzlib.obj
 0002:00003fa4       ??_C@_02LMMGGCAJ@?3?5?$AA@ 1001cfa4     gzlib.obj
 0002:00003fa8       ??_C@_06DIJPEION@?$CFs?$CFs?$CFs?$AA@ 1001cfa8     gzlib.obj
 0002:00003fb0       ??_C@_0BH@CFIIDOJD@unexpected?5end?5of?5file?$AA@ 1001cfb0     gzread.obj
 0002:00003fc8       ??_C@_0CH@CPOLIEKA@internal?5error?3?5inflate?5stream?5c@ 1001cfc8     gzread.obj
 0002:00003ff0       ??_C@_0BG@HCKBMIHF@compressed?5data?5error?$AA@ 1001cff0     gzread.obj
 0002:00004008       ??_C@_0CF@MLPJFDMM@requested?5length?5does?5not?5fit?5in@ 1001d008     gzread.obj
 0002:00004030       ??_C@_0BP@IIKIGMCC@out?5of?5room?5to?5push?5characters?$AA@ 1001d030     gzread.obj
 0002:00004050       ??_C@_0CH@DEEGAHIB@internal?5error?3?5deflate?5stream?5c@ 1001d050     gzwrite.obj
 0002:00004078       ??_C@_0BD@PJCBIDD@invalid?5block?5type?$AA@ 1001d078     infback.obj
 0002:0000408c       ??_C@_0BN@LGAADGOK@invalid?5stored?5block?5lengths?$AA@ 1001d08c     infback.obj
 0002:000040ac       ??_C@_0CE@GMIGFPBB@too?5many?5length?5or?5distance?5symb@ 1001d0ac     infback.obj
 0002:000040d0       ??_C@_0BJ@HDEPPGOH@invalid?5code?5lengths?5set?$AA@ 1001d0d0     infback.obj
 0002:000040ec       ??_C@_0BK@BMMPFBBH@invalid?5bit?5length?5repeat?$AA@ 1001d0ec     infback.obj
 0002:00004108       ??_C@_0CF@DGDMADCD@invalid?5code?5?9?9?5missing?5end?9of?9b@ 1001d108     infback.obj
 0002:00004130       ??_C@_0BM@IIMGAINC@invalid?5literal?1lengths?5set?$AA@ 1001d130     infback.obj
 0002:0000414c       ??_C@_0BG@GMDFCBGP@invalid?5distances?5set?$AA@ 1001d14c     infback.obj
 0002:00004164       ??_C@_0BM@FFFLPBBC@invalid?5literal?1length?5code?$AA@ 1001d164     infback.obj
 0002:00004180       ??_C@_0BG@LBKINIKP@invalid?5distance?5code?$AA@ 1001d180     infback.obj
 0002:00004198       ??_C@_0BO@ECPMAOGG@invalid?5distance?5too?5far?5back?$AA@ 1001d198     infback.obj
 0002:000041b8       ??_C@_0BH@LIBMMIGA@incorrect?5header?5check?$AA@ 1001d1b8     inflate.obj
 0002:000041d0       ??_C@_0BL@IHKGDAEE@unknown?5compression?5method?$AA@ 1001d1d0     inflate.obj
 0002:000041ec       ??_C@_0BE@EMOGCLGO@invalid?5window?5size?$AA@ 1001d1ec     inflate.obj
 0002:00004200       ??_C@_0BJ@BLBBCOMO@unknown?5header?5flags?5set?$AA@ 1001d200     inflate.obj
 0002:0000421c       ??_C@_0BE@GONKLEPM@header?5crc?5mismatch?$AA@ 1001d21c     inflate.obj
 0002:00004230       ??_C@_0BF@MEIGEHBE@incorrect?5data?5check?$AA@ 1001d230     inflate.obj
 0002:00004248       ??_C@_0BH@FGKKJGOC@incorrect?5length?5check?$AA@ 1001d248     inflate.obj
 0002:00004260       ??_C@_02JDPG@rb?$AA@       1001d260     ioapi.obj
 0002:00004264       ??_C@_03HMFOOINA@r?$CLb?$AA@ 1001d264     ioapi.obj
 0002:00004268       ??_C@_02GMLFBBN@wb?$AA@    1001d268     ioapi.obj
 0002:0000426c       ??_C@_01JOAMLHOP@?9?$AA@   1001d26c     zip.obj
 0002:00004270       ??_C@_0BF@CJFPCCEG@incompatible?5version?$AA@ 1001d270     zutil.obj
 0002:00004288       ??_C@_0N@DFPGLBGC@buffer?5error?$AA@ 1001d288     zutil.obj
 0002:00004298       ??_C@_0BE@OGGJBMCE@insufficient?5memory?$AA@ 1001d298     zutil.obj
 0002:000042ac       ??_C@_0L@HAHMBNLP@data?5error?$AA@ 1001d2ac     zutil.obj
 0002:000042b8       ??_C@_0N@MKKNPMJD@stream?5error?$AA@ 1001d2b8     zutil.obj
 0002:000042c8       ??_C@_0L@KIJFAKBJ@file?5error?$AA@ 1001d2c8     zutil.obj
 0002:000042d4       ??_C@_0L@FNAOCBOG@stream?5end?$AA@ 1001d2d4     zutil.obj
 0002:000042e0       ??_C@_0BA@MOKMMFOD@need?5dictionary?$AA@ 1001d2e0     zutil.obj
 0002:000042f0       __load_config_used         1001d2f0     MSVCRT:loadcfg.obj
 0002:00004340       ___safe_se_handler_table   1001d340     <linker-defined>
 0002:00004344       ___rtc_iaa                 1001d344     MSVCRT:_initsect_.obj
 0002:00004348       ___rtc_izz                 1001d348     MSVCRT:_initsect_.obj
 0002:0000434c       ___rtc_taa                 1001d34c     MSVCRT:_initsect_.obj
 0002:00004350       ___rtc_tzz                 1001d350     MSVCRT:_initsect_.obj
 0002:000043bc       __IMPORT_DESCRIPTOR_KERNEL32 1001d3bc     kernel32:KERNEL32.dll
 0002:000043d0       __IMPORT_DESCRIPTOR_MSVCR90 1001d3d0     MSVCRT:MSVCR90.dll
 0002:000043e4       __NULL_IMPORT_DESCRIPTOR   1001d3e4     kernel32:KERNEL32.dll
 0003:00000000       ___native_dllmain_reason   1001f000     MSVCRT:natstart.obj
 0003:00000004       ___native_vcclrit_reason   1001f004     MSVCRT:natstart.obj
 0003:00000008       ___security_cookie         1001f008     MSVCRT:gs_cookie.obj
 0003:0000000c       ___security_cookie_complement 1001f00c     MSVCRT:gs_cookie.obj
 0003:00000054       ?__type_info_root_node@@3U__type_info_node@@A 1001f054     MSVCRT:tncleanup.obj
 0003:00000388       __adjust_fdiv              1001f388     <common>
 0003:0000038c       ___native_startup_state    1001f38c     <common>
 0003:00000390       ___native_startup_lock     1001f390     <common>
 0003:00000394       ___onexitend               1001f394     <common>
 0003:00000398       ___onexitbegin             1001f398     <common>
 0003:0000039c       ___dyn_tls_init_callback   1001f39c     <common>

 entry point at        0001:00017065

 Static symbols

 0001:00000490       _adler32_combine_          10001490 f    CIL library: CIL module
 0001:000008e0       _crc32_little              100018e0 f    CIL library: CIL module
 0001:00000ce0       _crc32_big                 10001ce0 f    CIL library: CIL module
 0001:00001150       _gf2_matrix_times          10002150 f    CIL library: CIL module
 0001:00001190       _gf2_matrix_square         10002190 f    CIL library: CIL module
 0001:000011e0       _crc32_combine_            100021e0 f    CIL library: CIL module
 0001:00001f40       _putShortMSB               10002f40 f    CIL library: CIL module
 0001:00001f90       _flush_pending             10002f90 f    CIL library: CIL module
 0001:000032c0       _read_buf                  100042c0 f    CIL library: CIL module
 0001:00003380       _lm_init                   10004380 f    CIL library: CIL module
 0001:00003490       _longest_match             10004490 f    CIL library: CIL module
 0001:000037a0       _fill_window               100047a0 f    CIL library: CIL module
 0001:00003b90       _deflate_stored            10004b90 f    CIL library: CIL module
 0001:00003e50       _deflate_fast              10004e50 f    CIL library: CIL module
 0001:00004430       _deflate_slow              10005430 f    CIL library: CIL module
 0001:00004ba0       _deflate_rle               10005ba0 f    CIL library: CIL module
 0001:000050e0       _deflate_huff              100060e0 f    CIL library: CIL module
 0001:000053b0       _gz_reset                  100063b0 f    CIL library: CIL module
 0001:00005420       _gz_open                   10006420 f    CIL library: CIL module
 0001:00006160       _gz_load                   10007160 f    CIL library: CIL module
 0001:00006200       _gz_avail                  10007200 f    CIL library: CIL module
 0001:000062e0       _gz_look                   100072e0 f    CIL library: CIL module
 0001:00006540       _gz_decomp                 10007540 f    CIL library: CIL module
 0001:00006680       _gz_fetch                  10007680 f    CIL library: CIL module
 0001:00006770       _gz_skip                   10007770 f    CIL library: CIL module
 0001:00006fe0       _gz_init                   10007fe0 f    CIL library: CIL module
 0001:00007150       _gz_comp                   10008150 f    CIL library: CIL module
 0001:00007310       _gz_zero                   10008310 f    CIL library: CIL module
 0001:00007ce0       _fixedtables               10008ce0 f    CIL library: CIL module
 0001:00009c50       _fixedtables               1000ac50 f    CIL library: CIL module
 0001:00009c80       _updatewindow              1000ac80 f    CIL library: CIL module
 0001:0000c070       _syncsearch                1000d070 f    CIL library: CIL module
 0001:0000cd30       _fopen64_file_func         1000dd30 f    CIL library: CIL module
 0001:0000cda0       _fread_file_func           1000dda0 f    CIL library: CIL module
 0001:0000cdd0       _fwrite_file_func          1000ddd0 f    CIL library: CIL module
 0001:0000ce00       _ftell64_file_func         1000de00 f    CIL library: CIL module
 0001:0000ce30       _fseek64_file_func         1000de30 f    CIL library: CIL module
 0001:0000ceb0       _fclose_file_func          1000deb0 f    CIL library: CIL module
 0001:0000ced0       _ferror_file_func          1000ded0 f    CIL library: CIL module
 0001:0000cf50       _win32_translate_open_mode 1000df50 f    CIL library: CIL module
 0001:0000cfe0       _win32_build_iowin         1000dfe0 f    CIL library: CIL module
 0001:0000d200       _MySetFilePointerEx        1000e200 f    CIL library: CIL module
 0001:0000d6b0       _tr_static_init            1000e6b0 f    CIL library: CIL module
 0001:0000d750       _init_block                1000e750 f    CIL library: CIL module
 0001:0000d820       _pqdownheap                1000e820 f    CIL library: CIL module
 0001:0000d9b0       _gen_bitlen                1000e9b0 f    CIL library: CIL module
 0001:0000dcc0       _gen_codes                 1000ecc0 f    CIL library: CIL module
 0001:0000dd80       _build_tree                1000ed80 f    CIL library: CIL module
 0001:0000e120       _scan_tree                 1000f120 f    CIL library: CIL module
 0001:0000e2c0       _send_tree                 1000f2c0 f    CIL library: CIL module
 0001:0000ed30       _build_bl_tree             1000fd30 f    CIL library: CIL module
 0001:0000edf0       _send_all_trees            1000fdf0 f    CIL library: CIL module
 0001:0000fa70       _compress_block            10010a70 f    CIL library: CIL module
 0001:00010250       _detect_data_type          10011250 f    CIL library: CIL module
 0001:00010310       _bi_reverse                10011310 f    CIL library: CIL module
 0001:00010350       _bi_flush                  10011350 f    CIL library: CIL module
 0001:00010440       _bi_windup                 10011440 f    CIL library: CIL module
 0001:00010500       _copy_block                10011500 f    CIL library: CIL module
 0001:000106d0       _unz64local_getShort       100116d0 f    CIL library: CIL module
 0001:00010750       _unz64local_getLong        10011750 f    CIL library: CIL module
 0001:00010820       _unz64local_getLong64      10011820 f    CIL library: CIL module
 0001:000109f0       _strcmpcasenosensitive_internal 100119f0 f    CIL library: CIL module
 0001:00010ae0       _unz64local_SearchCentralDir64 10011ae0 f    CIL library: CIL module
 0001:00010e50       _unzOpenInternal           10011e50 f    CIL library: CIL module
 0001:000115f0       _unz64local_DosDateToTmuDate 100125f0 f    CIL library: CIL module
 0001:000116d0       _unz64local_GetCurrentFileInfoInternal 100126d0 f    CIL library: CIL module
 0001:000123a0       _unz64local_CheckCurrentFileCoherencyHeader 100133a0 f    CIL library: CIL module
 0001:000133b0       _decrypt_byte              100143b0 f    CIL library: CIL module
 0001:000133e0       _update_keys               100143e0 f    CIL library: CIL module
 0001:00013470       _init_keys                 10014470 f    CIL library: CIL module
 0001:000134c0       _crypthead                 100144c0 f    CIL library: CIL module
 0001:00013690       _allocate_new_datablock    10014690 f    CIL library: CIL module
 0001:000136d0       _free_datablock            100146d0 f    CIL library: CIL module
 0001:00013710       _init_linkedlist           10014710 f    CIL library: CIL module
 0001:00013730       _free_linkedlist           10014730 f    CIL library: CIL module
 0001:00013760       _add_data_in_datablock     10014760 f    CIL library: CIL module
 0001:00013890       _zip64local_putValue       10014890 f    CIL library: CIL module
 0001:00013940       _zip64local_putValue_inmemory 10014940 f    CIL library: CIL module
 0001:000139d0       _zip64local_TmzDateToDosDate 100149d0 f    CIL library: CIL module
 0001:00013a50       _zip64local_getByte        10014a50 f    CIL library: CIL module
 0001:00013a50       _unz64local_getByte        10014a50 f    CIL library: CIL module
 0001:00013ac0       _zip64local_getShort       10014ac0 f    CIL library: CIL module
 0001:00013b40       _zip64local_getLong        10014b40 f    CIL library: CIL module
 0001:00013c10       _zip64local_getLong64      10014c10 f    CIL library: CIL module
 0001:00013df0       _zip64local_SearchCentralDir 10014df0 f    CIL library: CIL module
 0001:00013df0       _unz64local_SearchCentralDir 10014df0 f    CIL library: CIL module
 0001:00014030       _zip64local_SearchCentralDir64 10015030 f    CIL library: CIL module
 0001:00015980       _zip64FlushWriteBuffer     10016980 f    CIL library: CIL module
 0001:00016cda       _pre_c_init                10017cda f   MSVCRT:crtdll.obj
 0001:00016f4f       ___DllMainCRTStartup       10017f4f f   MSVCRT:crtdll.obj
